17169.936 26107.242 4704.647 2240.453 16008.218 -7634.507 -4437.186
