11380.102 11604.168 10019.885 9141.296 16039.581 12460.412
