-20996.907 15626.169 54228.454 3911.545 29264.537 18119.481 14432.288 5030.087 50878.803
