15007.824 6491.905 7385.310 -1984.447 8329.034 5311.464 -7089.265 2881.246 5553.146 16469.431
