-5220.136 6558.694 -4347.860 16069.742 -12773.569 48088.796 20217.014 -17870.115 -21102.147 10564.474
