11675.967 16781.974 1261.549 5098.278 13905.226 7311.516 1339.217 10866.925
